\BOOKMARK [1][-]{section.1}{\376\377\004\027\004\060\004\064\004\060\004\075\004\070\004\065\000\040\0001\000:\000\040\004\044\004\070\004\073\004\114\004\102\004\100\004\113\000\040\004\077\004\065\004\100\004\062\004\076\004\063\004\076\000\040\004\077\004\076\004\100\004\117\004\064\004\072\004\060}{}% 1
\BOOKMARK [2][-]{subsection.1.1}{\376\377\004\037\004\060\004\100\004\060\004\074\004\065\004\102\004\100\004\113\000\040\004\070\004\075\004\102\004\065\004\063\004\100\004\070\004\100\004\103\004\116\004\111\004\065\004\063\004\076\000\040\004\067\004\062\004\065\004\075\004\060}{section.1}% 2
\BOOKMARK [2][-]{subsection.1.2}{\376\377\004\020\004\075\004\060\004\073\004\070\004\067\000\040\004\107\004\060\004\101\004\102\004\076\004\102\004\075\004\113\004\105\000\040\004\105\004\060\004\100\004\060\004\072\004\102\004\065\004\100\004\070\004\101\004\102\004\070\004\072}{section.1}% 3
\BOOKMARK [2][-]{subsection.1.3}{\376\377\004\032\004\076\004\115\004\104\004\104\004\070\004\106\004\070\004\065\004\075\004\102\004\113\000\040\004\077\004\065\004\100\004\065\004\064\004\060\004\107\004\070\000\040\004\075\004\060\000\040\004\100\004\060\004\067\004\075\004\113\004\105\000\040\004\107\004\060\004\101\004\102\004\076\004\102\004\060\004\105}{section.1}% 4
\BOOKMARK [2][-]{subsection.1.4}{\376\377\004\024\004\065\004\106\004\070\004\074\004\060\004\106\004\070\004\117\000\040\004\062\004\113\004\105\004\076\004\064\004\075\004\076\004\063\004\076\000\040\004\077\004\076\004\102\004\076\004\072\004\060}{section.1}% 5
\BOOKMARK [2][-]{subsection.1.5}{\376\377\004\020\004\075\004\060\004\073\004\070\004\067\000\040\004\110\004\103\004\074\004\076\004\062\004\113\004\105\000\040\004\105\004\060\004\100\004\060\004\072\004\102\004\065\004\100\004\070\004\101\004\102\004\070\004\072}{section.1}% 6
\BOOKMARK [2][-]{subsection.1.6}{\376\377\004\030\004\101\004\101\004\073\004\065\004\064\004\076\004\062\004\060\004\075\004\070\004\065\000\040\004\062\004\073\004\070\004\117\004\075\004\070\004\117\000\040\004\077\004\060\004\100\004\060\004\074\004\065\004\102\004\100\004\060\000\040}{section.1}% 7
\BOOKMARK [2][-]{subsection.1.7}{\376\377\004\030\004\101\004\101\004\073\004\065\004\064\004\076\004\062\004\060\004\075\004\070\004\065\000\040\004\064\004\070\004\104\004\104\004\065\004\100\004\065\004\075\004\106\004\070\004\100\004\103\004\116\004\111\004\065\004\063\004\076\000\040\004\067\004\062\004\065\004\075\004\060}{section.1}% 8
\BOOKMARK [2][-]{subsection.1.8}{\376\377\004\040\004\065\004\060\004\073\004\070\004\067\004\060\004\106\004\070\004\117\000\040\004\106\004\070\004\104\004\100\004\076\004\062\004\076\004\063\004\076\000\040\004\104\004\060\004\067\004\076\004\062\004\100\004\060\004\111\004\060\004\102\004\065\004\073\004\117}{section.1}% 9
\BOOKMARK [1][-]{section.2}{\376\377\004\027\004\060\004\064\004\060\004\075\004\070\004\065\000\040\0002\000:\000\040\004\027\004\062\004\065\004\075\004\114\004\117\000\040\004\062\004\102\004\076\004\100\004\076\004\063\004\076\000\040\004\077\004\076\004\100\004\117\004\064\004\072\004\060}{}% 10
\BOOKMARK [2][-]{subsection.2.1}{\376\377\004\040\004\065\004\060\004\073\004\070\004\067\004\060\004\106\004\070\004\117\000\040\004\077\004\076\004\073\004\076\004\101\004\076\004\062\004\076\004\063\004\076\000\040\004\067\004\062\004\065\004\075\004\060}{section.2}% 11
\BOOKMARK [2][-]{subsection.2.2}{\376\377\004\027\004\060\004\062\004\070\004\101\004\070\004\074\004\076\004\101\004\102\004\114\000\040\004\105\004\060\004\100\004\060\004\072\004\102\004\065\004\100\004\070\004\101\004\102\004\070\004\072\000\040\004\076\004\102\000\040\000r}{section.2}% 12
\BOOKMARK [2][-]{subsection.2.3}{\376\377\004\044\004\070\004\073\004\114\004\102\004\100\000\040\004\101\000\040\004\077\004\060\004\100\004\076\004\071\000\040\004\101\004\076\004\077\004\100\004\117\004\066\004\065\004\075\004\075\004\113\004\105\000\040\004\075\004\103\004\073\004\065\004\071}{section.2}% 13
\BOOKMARK [2][-]{subsection.2.4}{\376\377\004\027\004\062\004\065\004\075\004\076\000\040\004\102\004\070\004\077\004\060\000\040\000a\000l\000l\000\040\000p\000a\000s\000s}{section.2}% 14
\BOOKMARK [1][-]{section.3}{\376\377\004\027\004\060\004\064\004\060\004\075\004\070\004\065\000\040\0003\000:\000\040\004\035\004\065\004\100\004\065\004\072\004\103\004\100\004\101\004\070\004\062\004\075\004\113\004\065\000\040\000F\000I\000R\000\040\004\104\004\070\004\073\004\114\004\102\004\100\004\113}{}% 15
\BOOKMARK [2][-]{subsection.3.1}{\376\377\004\023\004\100\004\065\004\061\004\065\004\075\004\107\004\060\004\102\004\113\004\071\000\040\004\104\004\070\004\073\004\114\004\102\004\100}{section.3}% 16
\BOOKMARK [2][-]{subsection.3.2}{\376\377\004\044\004\070\004\073\004\114\004\102\004\100\000\040\004\101\000\040\004\077\004\100\004\117\004\074\004\076\004\103\004\063\004\076\004\073\004\114\004\075\004\076\004\071\000\040\004\070\004\074\004\077\004\103\004\073\004\114\004\101\004\075\004\076\004\071\000\040\004\100\004\065\004\060\004\072\004\106\004\070\004\065\004\071}{section.3}% 17
\BOOKMARK [2][-]{subsection.3.3}{\376\377\004\024\004\065\004\106\004\070\004\074\004\060\004\106\004\070\004\117\000\040\004\062\004\113\004\105\004\076\004\064\004\060\000\040\004\104\004\070\004\073\004\114\004\102\004\100\004\060}{section.3}% 18
\BOOKMARK [2][-]{subsection.3.4}{\376\377\004\020\004\075\004\060\004\073\004\070\004\067\000\040\004\077\004\065\004\100\004\065\004\064\004\060\004\107\004\070\000\040\004\063\004\060\004\100\004\074\004\076\004\075\004\070\004\107\004\065\004\101\004\072\004\070\004\105\000\040\004\101\004\070\004\063\004\075\004\060\004\073\004\076\004\062}{section.3}% 19
\BOOKMARK [2][-]{subsection.3.5}{\376\377\004\044\004\070\004\073\004\114\004\102\004\100\004\113\000\040\004\101\000\040\004\062\004\100\004\065\004\074\004\065\004\075\004\075\004\113\004\074\004\070\000\040\004\076\004\072\004\075\004\060\004\074\004\070}{section.3}% 20
\BOOKMARK [2][-]{subsection.3.6}{\376\377\004\044\004\070\004\073\004\114\004\102\004\100\004\113\000\040\004\101\000\040\004\107\004\060\004\101\004\102\004\076\004\102\004\075\004\113\004\074\004\070\000\040\004\076\004\072\004\075\004\060\004\074\004\070}{section.3}% 21
\BOOKMARK [2][-]{subsection.3.7}{\376\377\004\022\004\113\004\101\004\076\004\072\004\076\004\077\004\076\004\100\004\117\004\064\004\072\004\076\004\062\004\113\004\065\000\040\000F\000I\000R\000-\004\104\004\070\004\073\004\114\004\102\004\100\004\113}{section.3}% 22
\BOOKMARK [2][-]{subsection.3.8}{\376\377\004\030\004\101\004\101\004\073\004\065\004\064\004\076\004\062\004\060\004\075\004\070\004\065\000\040\000C\000I\000C\000-\004\104\004\070\004\073\004\114\004\102\004\100\004\060}{section.3}% 23
\BOOKMARK [1][-]{section.4}{\376\377\004\027\004\060\004\064\004\060\004\075\004\070\004\065\000\040\0004\000:\000\040\000F\000D\000A\000T\000o\000o\000l\000\040\000M\000a\000t\000l\000a\000b}{}% 24
\BOOKMARK [2][-]{subsection.4.1}{\376\377\004\041\004\070\004\075\004\102\004\065\004\067\004\060\004\102\004\076\004\100\000\040\000e\000q\000u\000i\000r\000i\000p\000p\000l\000e\000\040\000F\000I\000R\000-\004\104\004\070\004\073\004\114\004\102\004\100\004\076\004\062}{section.4}% 25
\BOOKMARK [2][-]{subsection.4.2}{\376\377\004\041\004\070\004\075\004\102\004\065\004\067\004\060\004\102\004\076\004\100\000\040\004\102\004\070\004\077\004\076\004\062\004\113\004\105\000\040\000I\000I\000R\000-\004\104\004\070\004\073\004\114\004\102\004\100\004\076\004\062}{section.4}% 26
\BOOKMARK [2][-]{subsection.4.3}{\376\377\004\041\004\100\004\060\004\062\004\075\004\070\004\102\004\065\004\073\004\114\004\075\004\113\004\071\000\040\004\060\004\075\004\060\004\073\004\070\004\067\000\040\004\104\004\070\004\073\004\114\004\102\004\100\004\076\004\062}{section.4}% 27
