This is pdfTeX, Version 3.141592653-2.6-1.40.28 (TeX Live 2025) (preloaded format=pdflatex 2025.7.24)  25 JUL 2025 12:12
entering extended mode
 restricted \write18 enabled.
 file:line:error style messages enabled.
 %&-line parsing enabled.
**d:/git/MIPT/mipt_labs/VPV_4_sem/main.tex
(d:/git/MIPT/mipt_labs/VPV_4_sem/main.tex
LaTeX2e <2025-06-01> patch level 1
L3 programming layer <2025-07-19>
(d:/texlive/2025/texmf-dist/tex/latex/extsizes/extarticle.cls
Document Class: extarticle 1996/10/08 v1.0 Non Standard LaTeX document class
(d:/texlive/2025/texmf-dist/tex/latex/extsizes/size14.clo
File: size14.clo 1999/11/11 v1.4a NON-Standard LaTeX file (size option)
) (d:/texlive/2025/texmf-dist/tex/latex/base/exscale.sty
Package: exscale 2018/09/24 v2.1i Standard LaTeX package exscale
LaTeX Font Info:    Redeclaring symbol font `largesymbols' on input line 57.
LaTeX Font Info:    Overwriting symbol font `largesymbols' in version `normal'
(Font)                  OMX/cmex/m/n --> OMX/cmex/m/n on input line 57.
LaTeX Font Info:    Overwriting symbol font `largesymbols' in version `bold'
(Font)                  OMX/cmex/m/n --> OMX/cmex/m/n on input line 57.
\big@size=\dimen148
)
\c@part=\count275
\c@section=\count276
\c@subsection=\count277
\c@subsubsection=\count278
\c@paragraph=\count279
\c@subparagraph=\count280
\c@figure=\count281
\c@table=\count282
\abovecaptionskip=\skip49
\belowcaptionskip=\skip50
\bibindent=\dimen149
) (./settings.tex (d:/texlive/2025/texmf-dist/tex/latex/base/inputenc.sty
Package: inputenc 2024/02/08 v1.3d Input encoding file
\inpenc@prehook=\toks17
\inpenc@posthook=\toks18
) (d:/texlive/2025/texmf-dist/tex/latex/cmap/cmap.sty
Package: cmap 2021/02/06 v1.0j CMap support: searchable PDF
) (d:/texlive/2025/texmf-dist/tex/latex/base/fontenc.sty
Package: fontenc 2024/12/21 v2.1c Standard LaTeX package
 (d:/texlive/2025/texmf-dist/tex/latex/cyrillic/t2aenc.def
File: t2aenc.def 2023/11/07 v1.0k Cyrillic encoding definition file
Now handling font encoding T2A ...
... processing UTF-8 mapping file for font encoding T2A
 (d:/texlive/2025/texmf-dist/tex/latex/base/t2aenc.dfu
File: t2aenc.dfu 2022/06/07 v1.3c UTF-8 support
   defining Unicode char U+00A4 (decimal 164)
   defining Unicode char U+00A7 (decimal 167)
   defining Unicode char U+00AB (decimal 171)
   defining Unicode char U+00BB (decimal 187)
   defining Unicode char U+0131 (decimal 305)
   defining Unicode char U+0237 (decimal 567)
   defining Unicode char U+0400 (decimal 1024)
   defining Unicode char U+0401 (decimal 1025)
   defining Unicode char U+0402 (decimal 1026)
   defining Unicode char U+0403 (decimal 1027)
   defining Unicode char U+0404 (decimal 1028)
   defining Unicode char U+0405 (decimal 1029)
   defining Unicode char U+0406 (decimal 1030)
   defining Unicode char U+0407 (decimal 1031)
   defining Unicode char U+0408 (decimal 1032)
   defining Unicode char U+0409 (decimal 1033)
   defining Unicode char U+040A (decimal 1034)
   defining Unicode char U+040B (decimal 1035)
   defining Unicode char U+040C (decimal 1036)
   defining Unicode char U+040D (decimal 1037)
   defining Unicode char U+040E (decimal 1038)
   defining Unicode char U+040F (decimal 1039)
   defining Unicode char U+0410 (decimal 1040)
   defining Unicode char U+0411 (decimal 1041)
   defining Unicode char U+0412 (decimal 1042)
   defining Unicode char U+0413 (decimal 1043)
   defining Unicode char U+0414 (decimal 1044)
   defining Unicode char U+0415 (decimal 1045)
   defining Unicode char U+0416 (decimal 1046)
   defining Unicode char U+0417 (decimal 1047)
   defining Unicode char U+0418 (decimal 1048)
   defining Unicode char U+0419 (decimal 1049)
   defining Unicode char U+041A (decimal 1050)
   defining Unicode char U+041B (decimal 1051)
   defining Unicode char U+041C (decimal 1052)
   defining Unicode char U+041D (decimal 1053)
   defining Unicode char U+041E (decimal 1054)
   defining Unicode char U+041F (decimal 1055)
   defining Unicode char U+0420 (decimal 1056)
   defining Unicode char U+0421 (decimal 1057)
   defining Unicode char U+0422 (decimal 1058)
   defining Unicode char U+0423 (decimal 1059)
   defining Unicode char U+0424 (decimal 1060)
   defining Unicode char U+0425 (decimal 1061)
   defining Unicode char U+0426 (decimal 1062)
   defining Unicode char U+0427 (decimal 1063)
   defining Unicode char U+0428 (decimal 1064)
   defining Unicode char U+0429 (decimal 1065)
   defining Unicode char U+042A (decimal 1066)
   defining Unicode char U+042B (decimal 1067)
   defining Unicode char U+042C (decimal 1068)
   defining Unicode char U+042D (decimal 1069)
   defining Unicode char U+042E (decimal 1070)
   defining Unicode char U+042F (decimal 1071)
   defining Unicode char U+0430 (decimal 1072)
   defining Unicode char U+0431 (decimal 1073)
   defining Unicode char U+0432 (decimal 1074)
   defining Unicode char U+0433 (decimal 1075)
   defining Unicode char U+0434 (decimal 1076)
   defining Unicode char U+0435 (decimal 1077)
   defining Unicode char U+0436 (decimal 1078)
   defining Unicode char U+0437 (decimal 1079)
   defining Unicode char U+0438 (decimal 1080)
   defining Unicode char U+0439 (decimal 1081)
   defining Unicode char U+043A (decimal 1082)
   defining Unicode char U+043B (decimal 1083)
   defining Unicode char U+043C (decimal 1084)
   defining Unicode char U+043D (decimal 1085)
   defining Unicode char U+043E (decimal 1086)
   defining Unicode char U+043F (decimal 1087)
   defining Unicode char U+0440 (decimal 1088)
   defining Unicode char U+0441 (decimal 1089)
   defining Unicode char U+0442 (decimal 1090)
   defining Unicode char U+0443 (decimal 1091)
   defining Unicode char U+0444 (decimal 1092)
   defining Unicode char U+0445 (decimal 1093)
   defining Unicode char U+0446 (decimal 1094)
   defining Unicode char U+0447 (decimal 1095)
   defining Unicode char U+0448 (decimal 1096)
   defining Unicode char U+0449 (decimal 1097)
   defining Unicode char U+044A (decimal 1098)
   defining Unicode char U+044B (decimal 1099)
   defining Unicode char U+044C (decimal 1100)
   defining Unicode char U+044D (decimal 1101)
   defining Unicode char U+044E (decimal 1102)
   defining Unicode char U+044F (decimal 1103)
   defining Unicode char U+0450 (decimal 1104)
   defining Unicode char U+0451 (decimal 1105)
   defining Unicode char U+0452 (decimal 1106)
   defining Unicode char U+0453 (decimal 1107)
   defining Unicode char U+0454 (decimal 1108)
   defining Unicode char U+0455 (decimal 1109)
   defining Unicode char U+0456 (decimal 1110)
   defining Unicode char U+0457 (decimal 1111)
   defining Unicode char U+0458 (decimal 1112)
   defining Unicode char U+0459 (decimal 1113)
   defining Unicode char U+045A (decimal 1114)
   defining Unicode char U+045B (decimal 1115)
   defining Unicode char U+045C (decimal 1116)
   defining Unicode char U+045D (decimal 1117)
   defining Unicode char U+045E (decimal 1118)
   defining Unicode char U+045F (decimal 1119)
   defining Unicode char U+0490 (decimal 1168)
   defining Unicode char U+0491 (decimal 1169)
   defining Unicode char U+0492 (decimal 1170)
   defining Unicode char U+0493 (decimal 1171)
   defining Unicode char U+0496 (decimal 1174)
   defining Unicode char U+0497 (decimal 1175)
   defining Unicode char U+0498 (decimal 1176)
   defining Unicode char U+0499 (decimal 1177)
   defining Unicode char U+049A (decimal 1178)
   defining Unicode char U+049B (decimal 1179)
   defining Unicode char U+049C (decimal 1180)
   defining Unicode char U+049D (decimal 1181)
   defining Unicode char U+04A0 (decimal 1184)
   defining Unicode char U+04A1 (decimal 1185)
   defining Unicode char U+04A2 (decimal 1186)
   defining Unicode char U+04A3 (decimal 1187)
   defining Unicode char U+04A4 (decimal 1188)
   defining Unicode char U+04A5 (decimal 1189)
   defining Unicode char U+04AA (decimal 1194)
   defining Unicode char U+04AB (decimal 1195)
   defining Unicode char U+04AE (decimal 1198)
   defining Unicode char U+04AF (decimal 1199)
   defining Unicode char U+04B0 (decimal 1200)
   defining Unicode char U+04B1 (decimal 1201)
   defining Unicode char U+04B2 (decimal 1202)
   defining Unicode char U+04B3 (decimal 1203)
   defining Unicode char U+04B6 (decimal 1206)
   defining Unicode char U+04B7 (decimal 1207)
   defining Unicode char U+04B8 (decimal 1208)
   defining Unicode char U+04B9 (decimal 1209)
   defining Unicode char U+04BA (decimal 1210)
   defining Unicode char U+04BB (decimal 1211)
   defining Unicode char U+04C0 (decimal 1216)
   defining Unicode char U+04C1 (decimal 1217)
   defining Unicode char U+04C2 (decimal 1218)
   defining Unicode char U+04D0 (decimal 1232)
   defining Unicode char U+04D1 (decimal 1233)
   defining Unicode char U+04D2 (decimal 1234)
   defining Unicode char U+04D3 (decimal 1235)
   defining Unicode char U+04D4 (decimal 1236)
   defining Unicode char U+04D5 (decimal 1237)
   defining Unicode char U+04D6 (decimal 1238)
   defining Unicode char U+04D7 (decimal 1239)
   defining Unicode char U+04D8 (decimal 1240)
   defining Unicode char U+04D9 (decimal 1241)
   defining Unicode char U+04DA (decimal 1242)
   defining Unicode char U+04DB (decimal 1243)
   defining Unicode char U+04DC (decimal 1244)
   defining Unicode char U+04DD (decimal 1245)
   defining Unicode char U+04DE (decimal 1246)
   defining Unicode char U+04DF (decimal 1247)
   defining Unicode char U+04E2 (decimal 1250)
   defining Unicode char U+04E3 (decimal 1251)
   defining Unicode char U+04E4 (decimal 1252)
   defining Unicode char U+04E5 (decimal 1253)
   defining Unicode char U+04E6 (decimal 1254)
   defining Unicode char U+04E7 (decimal 1255)
   defining Unicode char U+04E8 (decimal 1256)
   defining Unicode char U+04E9 (decimal 1257)
   defining Unicode char U+04EC (decimal 1260)
   defining Unicode char U+04ED (decimal 1261)
   defining Unicode char U+04EE (decimal 1262)
   defining Unicode char U+04EF (decimal 1263)
   defining Unicode char U+04F0 (decimal 1264)
   defining Unicode char U+04F1 (decimal 1265)
   defining Unicode char U+04F2 (decimal 1266)
   defining Unicode char U+04F3 (decimal 1267)
   defining Unicode char U+04F4 (decimal 1268)
   defining Unicode char U+04F5 (decimal 1269)
   defining Unicode char U+04F8 (decimal 1272)
   defining Unicode char U+04F9 (decimal 1273)
   defining Unicode char U+200C (decimal 8204)
   defining Unicode char U+2013 (decimal 8211)
   defining Unicode char U+2014 (decimal 8212)
   defining Unicode char U+2018 (decimal 8216)
   defining Unicode char U+2019 (decimal 8217)
   defining Unicode char U+201C (decimal 8220)
   defining Unicode char U+201D (decimal 8221)
   defining Unicode char U+201E (decimal 8222)
   defining Unicode char U+2030 (decimal 8240)
   defining Unicode char U+2031 (decimal 8241)
   defining Unicode char U+2116 (decimal 8470)
   defining Unicode char U+2329 (decimal 9001)
   defining Unicode char U+3008 (decimal 12296)
   defining Unicode char U+232A (decimal 9002)
   defining Unicode char U+3009 (decimal 12297)
   defining Unicode char U+2423 (decimal 9251)
   defining Unicode char U+27E8 (decimal 10216)
   defining Unicode char U+27E9 (decimal 10217)
   defining Unicode char U+FB00 (decimal 64256)
   defining Unicode char U+FB01 (decimal 64257)
   defining Unicode char U+FB02 (decimal 64258)
   defining Unicode char U+FB03 (decimal 64259)
   defining Unicode char U+FB04 (decimal 64260)
   defining Unicode char U+FB05 (decimal 64261)
   defining Unicode char U+FB06 (decimal 64262)
))
LaTeX Font Info:    Trying to load font information for T2A+cmr on input line 116.
 (d:/texlive/2025/texmf-dist/tex/latex/cyrillic/t2acmr.fd
File: t2acmr.fd 2001/08/11 v1.0a Computer Modern Cyrillic font definitions
)<<t2a.cmap>>) (d:/texlive/2025/texmf-dist/tex/latex/base/textcomp.sty
Package: textcomp 2024/04/24 v2.1b Standard LaTeX package
) (d:/texlive/2025/texmf-dist/tex/generic/babel/babel.sty
Package: babel 2025/07/13 v25.11 The multilingual framework for LuaLaTeX, pdfLaTeX and XeLaTeX
\babel@savecnt=\count283
LaTeX Encoding Info:    Redeclaring text command \ij (encoding OT1) on input line 2045.
LaTeX Encoding Info:    Redeclaring text command \IJ (encoding OT1) on input line 2047.
LaTeX Encoding Info:    Redeclaring text command \ij (encoding T1) on input line 2049.
LaTeX Encoding Info:    Redeclaring text command \IJ (encoding T1) on input line 2050.
LaTeX Encoding Info:    Ignoring declaration for text command \ij (encoding ?) on input line 2051.
LaTeX Encoding Info:    Ignoring declaration for text command \IJ (encoding ?) on input line 2053.
LaTeX Encoding Info:    Ignoring declaration for text command \SS (encoding ?) on input line 2078.
\U@D=\dimen150
\l@unhyphenated=\language90
 (d:/texlive/2025/texmf-dist/tex/generic/babel/txtbabel.def)
\bbl@readstream=\read2
\bbl@dirlevel=\count284
 (d:/texlive/2025/texmf-dist/tex/generic/babel-english/english.ldf
Language: english 2017/06/06 v3.3r English support from the babel system
 (d:/texlive/2025/texmf-dist/tex/generic/babel/locale/en/babel-english.tex
Package babel Info: Importing font and identification data for english
(babel)             from babel-en.ini. Reported on input line 12.
)
Package babel Info: Hyphen rules for 'canadian' set to \l@english
(babel)             (\language0). Reported on input line 102.
Package babel Info: Hyphen rules for 'australian' set to \l@ukenglish
(babel)             (\language22). Reported on input line 105.
Package babel Info: Hyphen rules for 'newzealand' set to \l@ukenglish
(babel)             (\language22). Reported on input line 108.
) (d:/texlive/2025/texmf-dist/tex/generic/babel-russian/russianb.ldf
File: russianb.ldf 2021/01/10 1.3m Russian support for the Babel system
Language: russian 2020/09/09 1.3k Russian support for the Babel system
 (d:/texlive/2025/texmf-dist/tex/generic/babel/locale/ru/babel-russian.tex
Package babel Info: Importing font and identification data for russian
(babel)             from babel-ru.ini. Reported on input line 12.
)
Package babel Info: Making " an active character on input line 124.
Package babel Info: Default for \cyrdash is provided on input line 163.
)) (d:/texlive/2025/texmf-dist/tex/latex/multirow/multirow.sty
Package: multirow 2024/11/12 v2.9 Span multiple rows of a table
\multirow@colwidth=\skip51
\multirow@cntb=\count285
\multirow@dima=\skip52
\bigstrutjot=\dimen151
) (d:/texlive/2025/texmf-dist/tex/latex/tools/tabularx.sty
Package: tabularx 2023/12/11 v2.12a `tabularx' package (DPC)
 (d:/texlive/2025/texmf-dist/tex/latex/tools/array.sty
Package: array 2025/06/08 v2.6j Tabular extension package (FMi)
\col@sep=\dimen152
\ar@mcellbox=\box53
\extrarowheight=\dimen153
\NC@list=\toks19
\extratabsurround=\skip53
\backup@length=\skip54
\ar@cellbox=\box54
)
\TX@col@width=\dimen154
\TX@old@table=\dimen155
\TX@old@col=\dimen156
\TX@target=\dimen157
\TX@delta=\dimen158
\TX@cols=\count286
\TX@ftn=\toks20
) (d:/texlive/2025/texmf-dist/tex/latex/booktabs/booktabs.sty
Package: booktabs 2020/01/12 v1.61803398 Publication quality tables
\heavyrulewidth=\dimen159
\lightrulewidth=\dimen160
\cmidrulewidth=\dimen161
\belowrulesep=\dimen162
\belowbottomsep=\dimen163
\aboverulesep=\dimen164
\abovetopsep=\dimen165
\cmidrulesep=\dimen166
\cmidrulekern=\dimen167
\defaultaddspace=\dimen168
\@cmidla=\count287
\@cmidlb=\count288
\@aboverulesep=\dimen169
\@belowrulesep=\dimen170
\@thisruleclass=\count289
\@lastruleclass=\count290
\@thisrulewidth=\dimen171
) (d:/texlive/2025/texmf-dist/tex/latex/tools/longtable.sty
Package: longtable 2024-12-18 v4.23 Multi-page Table package (DPC)
\LTleft=\skip55
\LTright=\skip56
\LTpre=\skip57
\LTpost=\skip58
\LTchunksize=\count291
\LTcapwidth=\dimen172
\LT@head=\box55
\LT@firsthead=\box56
\LT@foot=\box57
\LT@lastfoot=\box58
\LT@gbox=\box59
\LT@cols=\count292
\LT@rows=\count293
\c@LT@tables=\count294
\c@LT@chunks=\count295
\LT@p@ftn=\toks21
) (d:/texlive/2025/texmf-dist/tex/generic/ulem/ulem.sty
\UL@box=\box60
\UL@hyphenbox=\box61
\UL@skip=\skip59
\UL@hook=\toks22
\UL@height=\dimen173
\UL@pe=\count296
\UL@pixel=\dimen174
\ULC@box=\box62
Package: ulem 2019/11/18
\ULdepth=\dimen175
) (d:/texlive/2025/texmf-dist/tex/latex/graphics/graphicx.sty
Package: graphicx 2024/12/31 v1.2e Enhanced LaTeX Graphics (DPC,SPQR)
 (d:/texlive/2025/texmf-dist/tex/latex/graphics/keyval.sty
Package: keyval 2022/05/29 v1.15 key=value parser (DPC)
\KV@toks@=\toks23
) (d:/texlive/2025/texmf-dist/tex/latex/graphics/graphics.sty
Package: graphics 2024/08/06 v1.4g Standard LaTeX Graphics (DPC,SPQR)
 (d:/texlive/2025/texmf-dist/tex/latex/graphics/trig.sty
Package: trig 2023/12/02 v1.11 sin cos tan (DPC)
) (d:/texlive/2025/texmf-dist/tex/latex/graphics-cfg/graphics.cfg
File: graphics.cfg 2016/06/04 v1.11 sample graphics configuration
)
Package graphics Info: Driver file: pdftex.def on input line 106.
 (d:/texlive/2025/texmf-dist/tex/latex/graphics-def/pdftex.def
File: pdftex.def 2024/04/13 v1.2c Graphics/color driver for pdftex
))
\Gin@req@height=\dimen176
\Gin@req@width=\dimen177
) (d:/texlive/2025/texmf-dist/tex/latex/float/float.sty
Package: float 2001/11/08 v1.3d Float enhancements (AL)
\c@float@type=\count297
\float@exts=\toks24
\float@box=\box63
\@float@everytoks=\toks25
\@floatcapt=\box64
) (d:/texlive/2025/texmf-dist/tex/latex/titlesec/titlesec.sty
Package: titlesec 2025/01/04 v2.17 Sectioning titles
\ttl@box=\box65
\beforetitleunit=\skip60
\aftertitleunit=\skip61
\ttl@plus=\dimen178
\ttl@minus=\dimen179
\ttl@toksa=\toks26
\titlewidth=\dimen180
\titlewidthlast=\dimen181
\titlewidthfirst=\dimen182
) (d:/texlive/2025/texmf-dist/tex/latex/amsmath/amsmath.sty
Package: amsmath 2025/06/16 v2.17y AMS math features
\@mathmargin=\skip62

For additional information on amsmath, use the `?' option.
(d:/texlive/2025/texmf-dist/tex/latex/amsmath/amstext.sty
Package: amstext 2024/11/17 v2.01 AMS text
 (d:/texlive/2025/texmf-dist/tex/latex/amsmath/amsgen.sty
File: amsgen.sty 1999/11/30 v2.0 generic functions
\@emptytoks=\toks27
\ex@=\dimen183
)) (d:/texlive/2025/texmf-dist/tex/latex/amsmath/amsbsy.sty
Package: amsbsy 1999/11/29 v1.2d Bold Symbols
\pmbraise@=\dimen184
) (d:/texlive/2025/texmf-dist/tex/latex/amsmath/amsopn.sty
Package: amsopn 2022/04/08 v2.04 operator names
)
\inf@bad=\count298
LaTeX Info: Redefining \frac on input line 233.
\uproot@=\count299
\leftroot@=\count300
LaTeX Info: Redefining \overline on input line 398.
LaTeX Info: Redefining \colon on input line 409.
\classnum@=\count301
\DOTSCASE@=\count302
LaTeX Info: Redefining \ldots on input line 495.
LaTeX Info: Redefining \dots on input line 498.
LaTeX Info: Redefining \cdots on input line 619.
\Mathstrutbox@=\box66
\strutbox@=\box67
LaTeX Info: Redefining \big on input line 721.
LaTeX Info: Redefining \Big on input line 722.
LaTeX Info: Redefining \bigg on input line 723.
LaTeX Info: Redefining \Bigg on input line 724.
\big@size=\dimen185
LaTeX Font Info:    Redeclaring font encoding OML on input line 742.
LaTeX Font Info:    Redeclaring font encoding OMS on input line 743.
\macc@depth=\count303
LaTeX Info: Redefining \bmod on input line 904.
LaTeX Info: Redefining \pmod on input line 909.
LaTeX Info: Redefining \smash on input line 939.
LaTeX Info: Redefining \relbar on input line 969.
LaTeX Info: Redefining \Relbar on input line 970.
\c@MaxMatrixCols=\count304
\dotsspace@=\muskip17
\c@parentequation=\count305
\dspbrk@lvl=\count306
\tag@help=\toks28
\row@=\count307
\column@=\count308
\maxfields@=\count309
\andhelp@=\toks29
\eqnshift@=\dimen186
\alignsep@=\dimen187
\tagshift@=\dimen188
\tagwidth@=\dimen189
\totwidth@=\dimen190
\lineht@=\dimen191
\@envbody=\toks30
\multlinegap=\skip63
\multlinetaggap=\skip64
\mathdisplay@stack=\toks31
LaTeX Info: Redefining \[ on input line 2949.
LaTeX Info: Redefining \] on input line 2950.
) (d:/texlive/2025/texmf-dist/tex/latex/amsfonts/amssymb.sty
Package: amssymb 2013/01/14 v3.01 AMS font symbols
 (d:/texlive/2025/texmf-dist/tex/latex/amsfonts/amsfonts.sty
Package: amsfonts 2013/01/14 v3.01 Basic AMSFonts support
\symAMSa=\mathgroup4
\symAMSb=\mathgroup5
LaTeX Font Info:    Redeclaring math symbol \hbar on input line 98.
LaTeX Font Info:    Overwriting math alphabet `\mathfrak' in version `bold'
(Font)                  U/euf/m/n --> U/euf/b/n on input line 106.
)) (d:/texlive/2025/texmf-dist/tex/latex/geometry/geometry.sty
Package: geometry 2020/01/02 v5.9 Page Geometry
 (d:/texlive/2025/texmf-dist/tex/generic/iftex/ifvtex.sty
Package: ifvtex 2019/10/25 v1.7 ifvtex legacy package. Use iftex instead.
 (d:/texlive/2025/texmf-dist/tex/generic/iftex/iftex.sty
Package: iftex 2024/12/12 v1.0g TeX engine tests
))
\Gm@cnth=\count310
\Gm@cntv=\count311
\c@Gm@tempcnt=\count312
\Gm@bindingoffset=\dimen192
\Gm@wd@mp=\dimen193
\Gm@odd@mp=\dimen194
\Gm@even@mp=\dimen195
\Gm@layoutwidth=\dimen196
\Gm@layoutheight=\dimen197
\Gm@layouthoffset=\dimen198
\Gm@layoutvoffset=\dimen199
\Gm@dimlist=\toks32
) (d:/texlive/2025/texmf-dist/tex/latex/tools/indentfirst.sty
Package: indentfirst 2023/07/02 v1.03 Indent first paragraph (DPC)
) (d:/texlive/2025/texmf-dist/tex/latex/hyperref/hyperref.sty
Package: hyperref 2025-07-12 v7.01o Hypertext links for LaTeX
 (d:/texlive/2025/texmf-dist/tex/latex/kvsetkeys/kvsetkeys.sty
Package: kvsetkeys 2022-10-05 v1.19 Key value parser (HO)
) (d:/texlive/2025/texmf-dist/tex/generic/kvdefinekeys/kvdefinekeys.sty
Package: kvdefinekeys 2019-12-19 v1.6 Define keys (HO)
) (d:/texlive/2025/texmf-dist/tex/generic/pdfescape/pdfescape.sty
Package: pdfescape 2019/12/09 v1.15 Implements pdfTeX's escape features (HO)
 (d:/texlive/2025/texmf-dist/tex/generic/ltxcmds/ltxcmds.sty
Package: ltxcmds 2023-12-04 v1.26 LaTeX kernel commands for general use (HO)
) (d:/texlive/2025/texmf-dist/tex/generic/pdftexcmds/pdftexcmds.sty
Package: pdftexcmds 2020-06-27 v0.33 Utility functions of pdfTeX for LuaTeX (HO)
 (d:/texlive/2025/texmf-dist/tex/generic/infwarerr/infwarerr.sty
Package: infwarerr 2019/12/03 v1.5 Providing info/warning/error messages (HO)
)
Package pdftexcmds Info: \pdf@primitive is available.
Package pdftexcmds Info: \pdf@ifprimitive is available.
Package pdftexcmds Info: \pdfdraftmode found.
)) (d:/texlive/2025/texmf-dist/tex/latex/hycolor/hycolor.sty
Package: hycolor 2020-01-27 v1.10 Color options for hyperref/bookmark (HO)
) (d:/texlive/2025/texmf-dist/tex/latex/hyperref/nameref.sty
Package: nameref 2025-06-21 v2.57 Cross-referencing by name of section
 (d:/texlive/2025/texmf-dist/tex/latex/refcount/refcount.sty
Package: refcount 2019/12/15 v3.6 Data extraction from label references (HO)
) (d:/texlive/2025/texmf-dist/tex/generic/gettitlestring/gettitlestring.sty
Package: gettitlestring 2019/12/15 v1.6 Cleanup title references (HO)
 (d:/texlive/2025/texmf-dist/tex/latex/kvoptions/kvoptions.sty
Package: kvoptions 2022-06-15 v3.15 Key value format for package options (HO)
))
\c@section@level=\count313
) (d:/texlive/2025/texmf-dist/tex/latex/etoolbox/etoolbox.sty
Package: etoolbox 2025/02/11 v2.5l e-TeX tools for LaTeX (JAW)
\etb@tempcnta=\count314
) (d:/texlive/2025/texmf-dist/tex/generic/stringenc/stringenc.sty
Package: stringenc 2019/11/29 v1.12 Convert strings between diff. encodings (HO)
)
\@linkdim=\dimen256
\Hy@linkcounter=\count315
\Hy@pagecounter=\count316
 (d:/texlive/2025/texmf-dist/tex/latex/hyperref/pd1enc.def
File: pd1enc.def 2025-07-12 v7.01o Hyperref: PDFDocEncoding definition (HO)
Now handling font encoding PD1 ...
... no UTF-8 mapping file for font encoding PD1
) (d:/texlive/2025/texmf-dist/tex/generic/intcalc/intcalc.sty
Package: intcalc 2019/12/15 v1.3 Expandable calculations with integers (HO)
)
\Hy@SavedSpaceFactor=\count317
 (d:/texlive/2025/texmf-dist/tex/latex/hyperref/puenc.def
File: puenc.def 2025-07-12 v7.01o Hyperref: PDF Unicode definition (HO)
Now handling font encoding PU ...
... no UTF-8 mapping file for font encoding PU
)
Package hyperref Info: Option `unicode' set `true' on input line 3160.
Package hyperref Info: Hyper figures OFF on input line 4195.
Package hyperref Info: Link nesting OFF on input line 4200.
Package hyperref Info: Hyper index ON on input line 4203.
Package hyperref Info: Plain pages OFF on input line 4210.
Package hyperref Info: Backreferencing OFF on input line 4215.
Package hyperref Info: Implicit mode ON; LaTeX internals redefined.
Package hyperref Info: Bookmarks ON on input line 4462.
\c@Hy@tempcnt=\count318
 (d:/texlive/2025/texmf-dist/tex/latex/url/url.sty
\Urlmuskip=\muskip18
Package: url 2013/09/16  ver 3.4  Verb mode for urls, etc.
)
LaTeX Info: Redefining \url on input line 4801.
\XeTeXLinkMargin=\dimen257
 (d:/texlive/2025/texmf-dist/tex/generic/bitset/bitset.sty
Package: bitset 2019/12/09 v1.3 Handle bit-vector datatype (HO)
 (d:/texlive/2025/texmf-dist/tex/generic/bigintcalc/bigintcalc.sty
Package: bigintcalc 2019/12/15 v1.5 Expandable calculations on big integers (HO)
))
\Fld@menulength=\count319
\Field@Width=\dimen258
\Fld@charsize=\dimen259
Package hyperref Info: Hyper figures OFF on input line 6078.
Package hyperref Info: Link nesting OFF on input line 6083.
Package hyperref Info: Hyper index ON on input line 6086.
Package hyperref Info: backreferencing OFF on input line 6093.
Package hyperref Info: Link coloring OFF on input line 6098.
Package hyperref Info: Link coloring with OCG OFF on input line 6103.
Package hyperref Info: PDF/A mode OFF on input line 6108.
\Hy@abspage=\count320
\c@Item=\count321
\c@Hfootnote=\count322
)
Package hyperref Info: Driver (autodetected): hpdftex.
 (d:/texlive/2025/texmf-dist/tex/latex/hyperref/hpdftex.def
File: hpdftex.def 2025-07-12 v7.01o Hyperref driver for pdfTeX
\Fld@listcount=\count323
\c@bookmark@seq@number=\count324
 (d:/texlive/2025/texmf-dist/tex/latex/rerunfilecheck/rerunfilecheck.sty
Package: rerunfilecheck 2025-06-21 v1.11 Rerun checks for auxiliary files (HO)
 (d:/texlive/2025/texmf-dist/tex/generic/uniquecounter/uniquecounter.sty
Package: uniquecounter 2019/12/15 v1.4 Provide unlimited unique counter (HO)
)
Package uniquecounter Info: New unique counter `rerunfilecheck' on input line 284.
)
\Hy@SectionHShift=\skip65
)
\@indexfile=\write3
\openout3 = `main.idx'.


Writing index file main.idx
(d:/texlive/2025/texmf-dist/tex/latex/caption/caption.sty
Package: caption 2023/08/05 v3.6o Customizing captions (AR)
 (d:/texlive/2025/texmf-dist/tex/latex/caption/caption3.sty
Package: caption3 2023/07/31 v2.4d caption3 kernel (AR)
\caption@tempdima=\dimen260
\captionmargin=\dimen261
\caption@leftmargin=\dimen262
\caption@rightmargin=\dimen263
\caption@width=\dimen264
\caption@indent=\dimen265
\caption@parindent=\dimen266
\caption@hangindent=\dimen267
Package caption Info: Standard document class detected.
)
\c@caption@flags=\count325
\c@continuedfloat=\count326
Package caption Info: float package is loaded.
Package caption Info: hyperref package is loaded.
Package caption Info: longtable package is loaded.
 (d:/texlive/2025/texmf-dist/tex/latex/caption/ltcaption.sty
Package: ltcaption 2021/01/08 v1.4c longtable captions (AR)
)) (d:/texlive/2025/texmf-dist/tex/latex/caption/subcaption.sty
Package: subcaption 2023/07/28 v1.6b Sub-captions (AR)
Package caption Info: New subtype `subfigure' on input line 238.
\c@subfigure=\count327
Package caption Info: New subtype `subtable' on input line 238.
\c@subtable=\count328
) (d:/texlive/2025/texmf-dist/tex/latex/adjustbox/adjustbox.sty
Package: adjustbox 2025/02/26 v1.3c Adjusting TeX boxes (trim, clip, ...)
 (d:/texlive/2025/texmf-dist/tex/latex/xkeyval/xkeyval.sty
Package: xkeyval 2022/06/16 v2.9 package option processing (HA)
 (d:/texlive/2025/texmf-dist/tex/generic/xkeyval/xkeyval.tex (d:/texlive/2025/texmf-dist/tex/generic/xkeyval/xkvutils.tex
\XKV@toks=\toks33
\XKV@tempa@toks=\toks34
)
\XKV@depth=\count329
File: xkeyval.tex 2014/12/03 v2.7a key=value parser (HA)
)) (d:/texlive/2025/texmf-dist/tex/latex/adjustbox/adjcalc.sty
Package: adjcalc 2012/05/16 v1.1 Provides advanced setlength with multiple back-ends (calc, etex, pgfmath)
) (d:/texlive/2025/texmf-dist/tex/latex/adjustbox/trimclip.sty
Package: trimclip 2025/02/21 v1.2a Trim and clip general TeX material
 (d:/texlive/2025/texmf-dist/tex/latex/collectbox/collectbox.sty
Package: collectbox 2022/10/17 v0.4c Collect macro arguments as boxes
\collectedbox=\box68
)
\tc@llx=\dimen268
\tc@lly=\dimen269
\tc@urx=\dimen270
\tc@ury=\dimen271
Package trimclip Info: Using driver 'tc-pdftex.def'.
 (d:/texlive/2025/texmf-dist/tex/latex/adjustbox/tc-pdftex.def
File: tc-pdftex.def 2025/02/26 v2.3 Clipping driver for pdftex
))
\adjbox@Width=\dimen272
\adjbox@Height=\dimen273
\adjbox@Depth=\dimen274
\adjbox@Totalheight=\dimen275
\adjbox@pwidth=\dimen276
\adjbox@pheight=\dimen277
\adjbox@pdepth=\dimen278
\adjbox@ptotalheight=\dimen279
 (d:/texlive/2025/texmf-dist/tex/latex/ifoddpage/ifoddpage.sty
Package: ifoddpage 2022/10/18 v1.2 Conditionals for odd/even page detection
\c@checkoddpage=\count330
) (d:/texlive/2025/texmf-dist/tex/latex/varwidth/varwidth.sty
Package: varwidth 2009/03/30 ver 0.92;  Variable-width minipages
\@vwid@box=\box69
\sift@deathcycles=\count331
\@vwid@loff=\dimen280
\@vwid@roff=\dimen281
)
==> First Aid for varwidth.sty applied!
) (d:/texlive/2025/texmf-dist/tex/latex/tools/afterpage.sty
Package: afterpage 2023/07/04 v1.08 After-Page Package (DPC)
\AP@output=\toks35
\AP@partial=\box70
\AP@footins=\box71
) (d:/texlive/2025/texmf-dist/tex/latex/placeins/placeins.sty
Package: placeins 2005/04/18  v 2.2
) (d:/texlive/2025/texmf-dist/tex/latex/wrapfig/wrapfig.sty
\wrapoverhang=\dimen282
\WF@size=\dimen283
\c@WF@wrappedlines=\count332
\WF@box=\box72
\WF@everypar=\toks36
Package: wrapfig 2003/01/31  v 3.6
) (d:/texlive/2025/texmf-dist/tex/latex/tocbibind/tocbibind.sty
Package: tocbibind 2010/10/13 v1.5k extra ToC listings
Package tocbibind Info: The document has section divisions on input line 50.


Package tocbibind Note: Using section or other style headings.

) (d:/texlive/2025/texmf-dist/tex/latex/tools/multicol.sty
Package: multicol 2025/05/25 v2.0a multicolumn formatting (FMi)
\c@tracingmulticols=\count333
\mult@box=\box73
\multicol@leftmargin=\dimen284
\c@unbalance=\count334
\c@collectmore=\count335
\doublecol@number=\count336
\multicoltolerance=\count337
\multicolpretolerance=\count338
\full@width=\dimen285
\page@free=\dimen286
\premulticols=\dimen287
\postmulticols=\dimen288
\multicolsep=\skip66
\multicolbaselineskip=\skip67
\partial@page=\box74
\last@line=\box75
\mc@boxedresult=\box76
\maxbalancingoverflow=\dimen289
\mult@rightbox=\box77
\mult@grightbox=\box78
\mult@firstbox=\box79
\mult@gfirstbox=\box80
\@tempa=\box81
\@tempa=\box82
\@tempa=\box83
\@tempa=\box84
\@tempa=\box85
\@tempa=\box86
\@tempa=\box87
\@tempa=\box88
\@tempa=\box89
\@tempa=\box90
\@tempa=\box91
\@tempa=\box92
\@tempa=\box93
\@tempa=\box94
\@tempa=\box95
\@tempa=\box96
\@tempa=\box97
\@tempa=\box98
\@tempa=\box99
\@tempa=\box100
\@tempa=\box101
\@tempa=\box102
\@tempa=\box103
\@tempa=\box104
\@tempa=\box105
\@tempa=\box106
\@tempa=\box107
\@tempa=\box108
\@tempa=\box109
\@tempa=\box110
\@tempa=\box111
\@tempa=\box112
\@tempa=\box113
\@tempa=\box114
\@tempa=\box115
\@tempa=\box116
\c@minrows=\count339
\c@columnbadness=\count340
\c@finalcolumnbadness=\count341
\last@try=\dimen290
\multicolovershoot=\dimen291
\multicolundershoot=\dimen292
\mult@nat@firstbox=\box117
\colbreak@box=\box118
\mc@col@check@num=\count342
\g__mc_curr_col_int=\count343
) (d:/texlive/2025/texmf-dist/tex/latex/setspace/setspace.sty
Package: setspace 2022/12/04 v6.7b set line spacing
) (d:/texlive/2025/texmf-dist/tex/latex/gensymb/gensymb.sty
Package: gensymb 2022/10/17 v1.0.2 (KJH)
) (d:/texlive/2025/texmf-dist/tex/latex/listings/listings.sty
\lst@mode=\count344
\lst@gtempboxa=\box119
\lst@token=\toks37
\lst@length=\count345
\lst@currlwidth=\dimen293
\lst@column=\count346
\lst@pos=\count347
\lst@lostspace=\dimen294
\lst@width=\dimen295
\lst@newlines=\count348
\lst@lineno=\count349
\lst@maxwidth=\dimen296
 (d:/texlive/2025/texmf-dist/tex/latex/listings/lstpatch.sty
File: lstpatch.sty 2024/09/23 1.10c (Carsten Heinz)
) (d:/texlive/2025/texmf-dist/tex/latex/listings/lstmisc.sty
File: lstmisc.sty 2024/09/23 1.10c (Carsten Heinz)
\c@lstnumber=\count350
\lst@skipnumbers=\count351
\lst@framebox=\box120
) (d:/texlive/2025/texmf-dist/tex/latex/listings/listings.cfg
File: listings.cfg 2024/09/23 1.10c listings configuration
))
Package: listings 2024/09/23 1.10c (Carsten Heinz)
 (d:/texlive/2025/texmf-dist/tex/latex/t2/mathtext.sty
Package: mathtext 2018/04/14 v1.0 transparent text-and-math defs
LaTeX Info: Redefining \halign on input line 121.
) (d:/texlive/2025/texmf-dist/tex/latex/base/fontenc.sty
Package: fontenc 2024/12/21 v2.1c Standard LaTeX package
) (d:/texlive/2025/texmf-dist/tex/latex/amscls/amsthm.sty
Package: amsthm 2020/05/29 v2.20.6
\thm@style=\toks38
\thm@bodyfont=\toks39
\thm@headfont=\toks40
\thm@notefont=\toks41
\thm@headpunct=\toks42
\thm@preskip=\skip68
\thm@postskip=\skip69
\thm@headsep=\skip70
\dth@everypar=\toks43
) (d:/texlive/2025/texmf-dist/tex/latex/mathtools/mathtools.sty
Package: mathtools 2024/10/04 v1.31 mathematical typesetting tools
 (d:/texlive/2025/texmf-dist/tex/latex/tools/calc.sty
Package: calc 2025/03/01 v4.3b Infix arithmetic (KKT,FJ)
\calc@Acount=\count352
\calc@Bcount=\count353
\calc@Adimen=\dimen297
\calc@Bdimen=\dimen298
\calc@Askip=\skip71
\calc@Bskip=\skip72
LaTeX Info: Redefining \setlength on input line 86.
LaTeX Info: Redefining \addtolength on input line 87.
\calc@Ccount=\count354
\calc@Cskip=\skip73
) (d:/texlive/2025/texmf-dist/tex/latex/mathtools/mhsetup.sty
Package: mhsetup 2021/03/18 v1.4 programming setup (MH)
)
\g_MT_multlinerow_int=\count355
\l_MT_multwidth_dim=\dimen299
\origjot=\skip74
\l_MT_shortvdotswithinadjustabove_dim=\dimen300
\l_MT_shortvdotswithinadjustbelow_dim=\dimen301
\l_MT_above_intertext_sep=\dimen302
\l_MT_below_intertext_sep=\dimen303
\l_MT_above_shortintertext_sep=\dimen304
\l_MT_below_shortintertext_sep=\dimen305
\xmathstrut@box=\box121
\xmathstrut@dim=\dimen306
) (d:/texlive/2025/texmf-dist/tex/latex/was/icomma.sty
Package: icomma 2002/03/10 v2.0 (WaS)
) (d:/texlive/2025/texmf-dist/tex/latex/amsfonts/euscript.sty
Package: euscript 2009/06/22 v3.00 Euler Script fonts
LaTeX Font Info:    Overwriting math alphabet `\EuScript' in version `bold'
(Font)                  U/eus/m/n --> U/eus/b/n on input line 33.
) (d:/texlive/2025/texmf-dist/tex/latex/jknapltx/mathrsfs.sty
Package: mathrsfs 1996/01/01 Math RSFS package v1.0 (jk)
\symrsfs=\mathgroup6
) (d:/texlive/2025/texmf-dist/tex/latex/tools/verbatim.sty
Package: verbatim 2024-01-22 v1.5x LaTeX2e package for verbatim enhancements
\every@verbatim=\toks44
\verbatim@line=\toks45
\verbatim@in@stream=\read3
) (d:/texlive/2025/texmf-dist/tex/latex/xcolor/xcolor.sty
Package: xcolor 2024/09/29 v3.02 LaTeX color extensions (UK)
 (d:/texlive/2025/texmf-dist/tex/latex/graphics-cfg/color.cfg
File: color.cfg 2016/01/02 v1.6 sample color configuration
)
Package xcolor Info: Driver file: pdftex.def on input line 274.
 (d:/texlive/2025/texmf-dist/tex/latex/graphics/mathcolor.ltx)
Package xcolor Info: Model `cmy' substituted by `cmy0' on input line 1349.
Package xcolor Info: Model `hsb' substituted by `rgb' on input line 1353.
Package xcolor Info: Model `RGB' extended on input line 1365.
Package xcolor Info: Model `HTML' substituted by `rgb' on input line 1367.
Package xcolor Info: Model `Hsb' substituted by `hsb' on input line 1368.
Package xcolor Info: Model `tHsb' substituted by `hsb' on input line 1369.
Package xcolor Info: Model `HSB' substituted by `hsb' on input line 1370.
Package xcolor Info: Model `Gray' substituted by `gray' on input line 1371.
Package xcolor Info: Model `wave' substituted by `hsb' on input line 1372.
) (d:/texlive/2025/texmf-dist/tex/latex/colortbl/colortbl.sty
Package: colortbl 2024/10/29 v1.0k Color table columns (DPC)
\everycr=\toks46
\minrowclearance=\skip75
\rownum=\count356
) (d:/texlive/2025/texmf-dist/tex/latex/siunitx/siunitx.sty
Package: siunitx 2025-07-09 v3.4.14 A comprehensive (SI) units package
\l__siunitx_number_uncert_offset_int=\count357
\l__siunitx_number_exponent_fixed_int=\count358
\l__siunitx_number_min_decimal_int=\count359
\l__siunitx_number_min_integer_int=\count360
\l__siunitx_number_round_precision_int=\count361
\l__siunitx_number_lower_threshold_int=\count362
\l__siunitx_number_upper_threshold_int=\count363
\l__siunitx_number_group_first_int=\count364
\l__siunitx_number_group_size_int=\count365
\l__siunitx_number_group_minimum_int=\count366
\l__siunitx_angle_tmp_dim=\dimen307
\l__siunitx_angle_marker_box=\box122
\l__siunitx_angle_unit_box=\box123
\l__siunitx_compound_count_int=\count367
 (d:/texlive/2025/texmf-dist/tex/latex/translations/translations.sty
Package: translations 2022/02/05 v1.12 internationalization of LaTeX2e packages (CN)
)
\l__siunitx_table_tmp_box=\box124
\l__siunitx_table_tmp_dim=\dimen308
\l__siunitx_table_column_width_dim=\dimen309
\l__siunitx_table_integer_box=\box125
\l__siunitx_table_decimal_box=\box126
\l__siunitx_table_uncert_box=\box127
\l__siunitx_table_before_box=\box128
\l__siunitx_table_after_box=\box129
\l__siunitx_table_before_dim=\dimen310
\l__siunitx_table_carry_dim=\dimen311
\l__siunitx_unit_tmp_int=\count368
\l__siunitx_unit_position_int=\count369
\l__siunitx_unit_total_int=\count370
) (d:/texlive/2025/texmf-dist/tex/latex/graphics/rotating.sty
Package: rotating 2025/01/14 v2.16e rotated objects in LaTeX
 (d:/texlive/2025/texmf-dist/tex/latex/base/ifthen.sty
Package: ifthen 2024/03/16 v1.1e Standard LaTeX ifthen package (DPC)
)
\c@r@tfl@t=\count371
\rotFPtop=\skip76
\rotFPbot=\skip77
\rot@float@box=\box130
\rot@mess@toks=\toks47
)) (d:/texlive/2025/texmf-dist/tex/latex/l3backend/l3backend-pdftex.def
File: l3backend-pdftex.def 2025-06-09 L3 backend support: PDF output (pdfTeX)
\l__color_backend_stack_int=\count372
) (./main.aux
Package babel Info: 'russian' activates 'russian' shorthands.
(babel)             Reported on input line 9.
 (./ending.aux) (./ref.aux))
\openout1 = `main.aux'.

LaTeX Font Info:    Checking defaults for OML/cmm/m/it on input line 5.
LaTeX Font Info:    ... okay on input line 5.
LaTeX Font Info:    Checking defaults for OMS/cmsy/m/n on input line 5.
LaTeX Font Info:    ... okay on input line 5.
LaTeX Font Info:    Checking defaults for OT1/cmr/m/n on input line 5.
LaTeX Font Info:    ... okay on input line 5.
LaTeX Font Info:    Checking defaults for T1/cmr/m/n on input line 5.
LaTeX Font Info:    ... okay on input line 5.
LaTeX Font Info:    Checking defaults for TS1/cmr/m/n on input line 5.
LaTeX Font Info:    ... okay on input line 5.
LaTeX Font Info:    Checking defaults for OMX/cmex/m/n on input line 5.
LaTeX Font Info:    ... okay on input line 5.
LaTeX Font Info:    Checking defaults for U/cmr/m/n on input line 5.
LaTeX Font Info:    ... okay on input line 5.
LaTeX Font Info:    Checking defaults for T2A/cmr/m/n on input line 5.
LaTeX Font Info:    ... okay on input line 5.
LaTeX Font Info:    Checking defaults for PD1/pdf/m/n on input line 5.
LaTeX Font Info:    ... okay on input line 5.
LaTeX Font Info:    Checking defaults for PU/pdf/m/n on input line 5.
LaTeX Font Info:    ... okay on input line 5.
LaTeX Info: Redefining \th on input line 5.
 (d:/texlive/2025/texmf-dist/tex/context/base/mkii/supp-pdf.mkii
[Loading MPS to PDF converter (version 2006.09.02).]
\scratchcounter=\count373
\scratchdimen=\dimen312
\scratchbox=\box131
\nofMPsegments=\count374
\nofMParguments=\count375
\everyMPshowfont=\toks48
\MPscratchCnt=\count376
\MPscratchDim=\dimen313
\MPnumerator=\count377
\makeMPintoPDFobject=\count378
\everyMPtoPDFconversion=\toks49
) (d:/texlive/2025/texmf-dist/tex/latex/epstopdf-pkg/epstopdf-base.sty
Package: epstopdf-base 2020-01-24 v2.11 Base part for package epstopdf
Package epstopdf-base Info: Redefining graphics rule for `.eps' on input line 485.
 (d:/texlive/2025/texmf-dist/tex/latex/latexconfig/epstopdf-sys.cfg
File: epstopdf-sys.cfg 2010/07/13 v1.3 Configuration of (r)epstopdf for TeX Live
))
*geometry* driver: auto-detecting
*geometry* detected driver: pdftex
*geometry* verbose mode - [ preamble ] result:
* driver: pdftex
* paper: a4paper
* layout: <same size as paper>
* layoutoffset:(h,v)=(0.0pt,0.0pt)
* modes: 
* h-part:(L,W,R)=(85.35826pt, 469.47049pt, 42.67912pt)
* v-part:(T,H,B)=(56.9055pt, 731.23584pt, 56.9055pt)
* \paperwidth=597.50787pt
* \paperheight=845.04684pt
* \textwidth=469.47049pt
* \textheight=731.23584pt
* \oddsidemargin=13.08827pt
* \evensidemargin=13.08827pt
* \topmargin=-54.36449pt
* \headheight=14.0pt
* \headsep=25.0pt
* \topskip=14.0pt
* \footskip=30.0pt
* \marginparwidth=15.0pt
* \marginparsep=10.0pt
* \columnsep=10.0pt
* \skip\footins=12.0pt plus 4.0pt minus 2.0pt
* \hoffset=0.0pt
* \voffset=0.0pt
* \mag=1000
* \@twocolumnfalse
* \@twosidefalse
* \@mparswitchfalse
* \@reversemarginfalse
* (1in=72.27pt=25.4mm, 1cm=28.453pt)

Package hyperref Info: Link coloring OFF on input line 5.
(./main.out) (./main.out)
\@outlinefile=\write4
\openout4 = `main.out'.

Package caption Info: Begin \AtBeginDocument code.
Package caption Info: listings package is loaded.
Package caption Info: rotating package is loaded.
Package caption Info: wrapfig package is loaded.
Package caption Info: End \AtBeginDocument code.
\symgns@font=\mathgroup7
LaTeX Font Info:    Overwriting symbol font `gns@font' in version `bold'
(Font)                  TS1/cmr/m/n --> TS1/cmr/b/n on input line 5.
Package gensymb Info: Math companion symbols declared on input line 5.
LaTeX Info: Redefining \degree on input line 5.
LaTeX Info: Redefining \celsius on input line 5.
Package gensymb Info: Using text companion symbols for \degree, \celsius and \perthousand on input line 5.
LaTeX Info: Redefining \ohm on input line 5.
Package gensymb Info: Using \textohm for \ohm on input line 5.
Package gensymb Info: Using \textmu for \micro on input line 5.
\c@lstlisting=\count379
Package translations Info: no dictionary file `translations-basic-dictionary-russian.trsl' found. on input line 5.
 (d:/texlive/2025/texmf-dist/tex/latex/translations/translations-basic-dictionary-english.trsl
File: translations-basic-dictionary-english.trsl (english translation file `translations-basic-dictionary')
)
Package translations Info: loading dictionary `translations-basic-dictionary' for `english'. on input line 5.
 (./titlepage.tex

[1

{d:/texlive/2025/texmf-var/fonts/map/pdftex/updmap/pdftex.map}{d:/texlive/2025/texmf-dist/fonts/enc/dvips/cm-super/cm-super-t2a.enc}]) (./main.toc<<t1.cmap>><<ot1.cmap>><<oml.cmap>><<oms.cmap>><<omx.cmap>>
LaTeX Font Info:    Trying to load font information for U+msa on input line 3.
 (d:/texlive/2025/texmf-dist/tex/latex/amsfonts/umsa.fd
File: umsa.fd 2013/01/14 v3.01 AMS symbols A
)
LaTeX Font Info:    Trying to load font information for U+msb on input line 3.
 (d:/texlive/2025/texmf-dist/tex/latex/amsfonts/umsb.fd
File: umsb.fd 2013/01/14 v3.01 AMS symbols B
)
LaTeX Font Info:    Trying to load font information for U+rsfs on input line 3.
 (d:/texlive/2025/texmf-dist/tex/latex/jknapltx/ursfs.fd
File: ursfs.fd 1998/03/24 rsfs font definition file (jk)
))
\tf@toc=\write5
\openout5 = `main.toc'.



[2] (./intro.tex
<pictures/fiber_structure.png, id=132, 994.917pt x 396.2805pt>
File: pictures/fiber_structure.png Graphic file (type png)
<use pictures/fiber_structure.png>
Package pdftex.def Info: pictures/fiber_structure.png  used on input line 26.
(pdftex.def)             Requested size: 328.6279pt x 130.89389pt.


[3{d:/texlive/2025/texmf-dist/fonts/enc/dvips/cm-super/cm-super-ts1.enc}]

LaTeX Warning: Command \cyrk invalid in math mode on input line 33.


LaTeX Warning: Command \cyrr invalid in math mode on input line 33.

Missing character: There is no к in font cmr10!
Missing character: There is no р in font cmr10!
<pictures/numerical_aperture_derivation.png, id=140, 643.80525pt x 380.01974pt>
File: pictures/numerical_aperture_derivation.png Graphic file (type png)
<use pictures/numerical_aperture_derivation.png>
Package pdftex.def Info: pictures/numerical_aperture_derivation.png  used on input line 46.
(pdftex.def)             Requested size: 328.6279pt x 193.98146pt.


[4 <./pictures/fiber_structure.png>]

LaTeX Warning: Command \cyrp invalid in math mode on input line 55.


LaTeX Warning: Command \cyrr invalid in math mode on input line 55.


LaTeX Warning: Command \cyre invalid in math mode on input line 55.


LaTeX Warning: Command \cyrd invalid in math mode on input line 55.

Missing character: There is no п in font cmr10!
Missing character: There is no р in font cmr10!
Missing character: There is no е in font cmr10!
Missing character: There is no д in font cmr10!

LaTeX Warning: Command \cyrp invalid in math mode on input line 56.


LaTeX Warning: Command \cyrr invalid in math mode on input line 56.


LaTeX Warning: Command \cyre invalid in math mode on input line 56.


LaTeX Warning: Command \cyrd invalid in math mode on input line 56.

Missing character: There is no п in font cmr10!
Missing character: There is no р in font cmr10!
Missing character: There is no е in font cmr10!
Missing character: There is no д in font cmr10!

LaTeX Warning: Command \cyrp invalid in math mode on input line 58.


LaTeX Warning: Command \cyrr invalid in math mode on input line 58.


LaTeX Warning: Command \cyre invalid in math mode on input line 58.


LaTeX Warning: Command \cyrd invalid in math mode on input line 58.

Missing character: There is no п in font cmr10!
Missing character: There is no р in font cmr10!
Missing character: There is no е in font cmr10!
Missing character: There is no д in font cmr10!

LaTeX Warning: Command \cyrp invalid in math mode on input line 62.


LaTeX Warning: Command \cyrr invalid in math mode on input line 62.


LaTeX Warning: Command \cyre invalid in math mode on input line 62.


LaTeX Warning: Command \cyrd invalid in math mode on input line 62.

Missing character: There is no п in font cmr10!
Missing character: There is no р in font cmr10!
Missing character: There is no е in font cmr10!
Missing character: There is no д in font cmr10!

LaTeX Warning: Command \cyrp invalid in math mode on input line 64.


LaTeX Warning: Command \cyrr invalid in math mode on input line 64.


LaTeX Warning: Command \cyre invalid in math mode on input line 64.


LaTeX Warning: Command \cyrd invalid in math mode on input line 64.

Missing character: There is no п in font cmr10!
Missing character: There is no р in font cmr10!
Missing character: There is no е in font cmr10!
Missing character: There is no д in font cmr10!

LaTeX Warning: Command \cyrp invalid in math mode on input line 64.


LaTeX Warning: Command \cyrr invalid in math mode on input line 64.


LaTeX Warning: Command \cyre invalid in math mode on input line 64.


LaTeX Warning: Command \cyrd invalid in math mode on input line 64.


LaTeX Warning: Command \cyrp invalid in math mode on input line 64.


LaTeX Warning: Command \cyrr invalid in math mode on input line 64.


LaTeX Warning: Command \cyre invalid in math mode on input line 64.


LaTeX Warning: Command \cyrd invalid in math mode on input line 64.

Missing character: There is no п in font cmr10!
Missing character: There is no р in font cmr10!
Missing character: There is no е in font cmr10!
Missing character: There is no д in font cmr10!
Missing character: There is no п in font cmr10!
Missing character: There is no р in font cmr10!
Missing character: There is no е in font cmr10!
Missing character: There is no д in font cmr10!

Overfull \hbox (3.42744pt too wide) in paragraph at lines 67--69
\T2A/cmr/m/n/14.4 ѕодставл€€ это вы-ра-же-ние дл€ $[] \OML/cmm/m/it/14.4 ^^R$ \T2A/cmr/m/n/14.4 в за-кон —нел-ли-уса дл€ гра-ни-цы воздух-
 []



[5 <./pictures/numerical_aperture_derivation.png>]
<pictures/full_field_distribution.png, id=167, 652.4375pt x 1264.725pt>
File: pictures/full_field_distribution.png Graphic file (type png)
<use pictures/full_field_distribution.png>
Package pdftex.def Info: pictures/full_field_distribution.png  used on input line 93.
(pdftex.def)             Requested size: 352.10286pt x 682.55537pt.


[6]
<pictures/field_distribution_first_mode.png, id=178, 340.8735pt x 158.994pt>
File: pictures/field_distribution_first_mode.png Graphic file (type png)
<use pictures/field_distribution_first_mode.png>
Package pdftex.def Info: pictures/field_distribution_first_mode.png  used on input line 100.
(pdftex.def)             Requested size: 328.6279pt x 153.29482pt.


[7 <./pictures/full_field_distribution.png (PNG copy)>]
Overfull \hbox (11.45963pt too wide) in paragraph at lines 106--107
[]\T2A/cmr/m/n/14.4 ќптические во-лок-на, вклю-ча€ ис-поль-зу-е-мые в те-ле-ком-му-ни-ка-ци-€х, клас-
 []



[8 <./pictures/field_distribution_first_mode.png>]
<pictures/modes_propagation.png, id=190, 2710.125pt x 2862.695pt>
File: pictures/modes_propagation.png Graphic file (type png)
<use pictures/modes_propagation.png>
Package pdftex.def Info: pictures/modes_propagation.png  used on input line 118.
(pdftex.def)             Requested size: 328.6279pt x 347.09044pt.


[9 <./pictures/modes_propagation.png (PNG copy)>]

[10]
<pictures/sms_sensor_principle.png, id=203, 502.87875pt x 218.0145pt>
File: pictures/sms_sensor_principle.png Graphic file (type png)
<use pictures/sms_sensor_principle.png>
Package pdftex.def Info: pictures/sms_sensor_principle.png  used on input line 146.
(pdftex.def)             Requested size: 375.57782pt x 162.82516pt.


[11 <./pictures/sms_sensor_principle.png>]
<pictures/speckle_pattern_scheme.png, id=210, 400.49625pt x 183.68625pt>
File: pictures/speckle_pattern_scheme.png Graphic file (type png)
<use pictures/speckle_pattern_scheme.png>
Package pdftex.def Info: pictures/speckle_pattern_scheme.png  used on input line 166.
(pdftex.def)             Requested size: 375.57782pt x 172.26707pt.


[12]

[13 <./pictures/speckle_pattern_scheme.png>]
<pictures/exfo_fot_600.png, id=223, 1459.70343pt x 2702.59688pt>
File: pictures/exfo_fot_600.png Graphic file (type png)
<use pictures/exfo_fot_600.png>
Package pdftex.def Info: pictures/exfo_fot_600.png  used on input line 184.
(pdftex.def)             Requested size: 234.73524pt x 434.56873pt.

Overfull \hbox (11.01842pt too wide) in paragraph at lines 189--190
\T2A/cmr/m/n/14.4 тель (EDFA). ”си-ле-ние необ-хо-ди-мо дл€ ком-пен-са-ции по-терь в SMS-структуре
 []

<pictures/edfa_amplifier.png, id=224, 2341.24687pt x 1431.09656pt>
File: pictures/edfa_amplifier.png Graphic file (type png)
<use pictures/edfa_amplifier.png>
Package pdftex.def Info: pictures/edfa_amplifier.png  used on input line 193.
(pdftex.def)             Requested size: 328.6279pt x 200.87624pt.


[14 <./pictures/exfo_fot_600.png>]
<pictures/sms_sensor_mounted.png, id=231, 654.445pt x 679.53876pt>
File: pictures/sms_sensor_mounted.png Graphic file (type png)
<use pictures/sms_sensor_mounted.png>
Package pdftex.def Info: pictures/sms_sensor_mounted.png  used on input line 202.
(pdftex.def)             Requested size: 234.73524pt x 243.73167pt.
<pictures/calibration_weights.png, id=232, 1148.29pt x 2196.205pt>
File: pictures/calibration_weights.png Graphic file (type png)
<use pictures/calibration_weights.png>
Package pdftex.def Info: pictures/calibration_weights.png  used on input line 211.
(pdftex.def)             Requested size: 234.73524pt x 448.9515pt.


[15 <./pictures/edfa_amplifier.png> <./pictures/sms_sensor_mounted.png>]
Overfull \hbox (2.98569pt too wide) in paragraph at lines 216--217
[]\T2A/cmr/bx/n/14.4 јнализатор оп-ти-че-ско-го спек-тра: \T2A/cmr/m/n/14.4 ƒл€ ре-ги-стра-ции и ана-ли-за спек-
 []

<pictures/yokogawa_aq6370c.png, id=241, 2991.67688pt x 1580.90625pt>
File: pictures/yokogawa_aq6370c.png Graphic file (type png)
<use pictures/yokogawa_aq6370c.png>
Package pdftex.def Info: pictures/yokogawa_aq6370c.png  used on input line 220.
(pdftex.def)             Requested size: 328.6279pt x 173.659pt.


[16 <./pictures/calibration_weights.png>]) (./work.tex

[17 <./pictures/yokogawa_aq6370c.png>]
Overfull \hbox (1.35385pt too wide) in paragraph at lines 6--7
[]\T2A/cmr/m/n/14.4 ƒл€ по-лу-че-ни€ опор-но-го спек-тра из-лу-че-ни€ эр-би-е-во-го во-ло-кон-но-го уси-
 []

<pictures/edfa_reference_spectrum.png, id=258, 533.922pt x 317.769pt>
File: pictures/edfa_reference_spectrum.png Graphic file (type png)
<use pictures/edfa_reference_spectrum.png>
Package pdftex.def Info: pictures/edfa_reference_spectrum.png  used on input line 14.
(pdftex.def)             Requested size: 469.47049pt x 279.41452pt.

Overfull \hbox (15.60713pt too wide) in paragraph at lines 20--21
\T2A/cmr/m/n/14.4 рак-те-ри-стик во-ло-кон-но-го дат-чи-ка де-фор-ма-ции ти-па SMS (одномод-многомод-
 []



[18 <./pictures/edfa_reference_spectrum.png>]
<pictures/sms_4_97_cm_spectra.png, id=268, 722.7pt x 433.62pt>
File: pictures/sms_4_97_cm_spectra.png Graphic file (type png)
<use pictures/sms_4_97_cm_spectra.png>
Package pdftex.def Info: pictures/sms_4_97_cm_spectra.png  used on input line 26.
(pdftex.def)             Requested size: 469.47049pt x 281.68425pt.
<pictures/sms_4_97_cm_difference.png, id=270, 722.7pt x 433.62pt>
File: pictures/sms_4_97_cm_difference.png Graphic file (type png)
<use pictures/sms_4_97_cm_difference.png>
Package pdftex.def Info: pictures/sms_4_97_cm_difference.png  used on input line 35.
(pdftex.def)             Requested size: 469.47049pt x 281.68425pt.


[19 <./pictures/sms_4_97_cm_spectra.png>]
<pictures/sms_4_97_cm_plot.png, id=281, 722.7pt x 433.62pt>
File: pictures/sms_4_97_cm_plot.png Graphic file (type png)
<use pictures/sms_4_97_cm_plot.png>
Package pdftex.def Info: pictures/sms_4_97_cm_plot.png  used on input line 66.
(pdftex.def)             Requested size: 469.47049pt x 281.68425pt.


[20 <./pictures/sms_4_97_cm_difference.png>]
<pictures/sms_10_2_cm_spectra.png, id=290, 722.7pt x 433.62pt>
File: pictures/sms_10_2_cm_spectra.png Graphic file (type png)
<use pictures/sms_10_2_cm_spectra.png>
Package pdftex.def Info: pictures/sms_10_2_cm_spectra.png  used on input line 78.
(pdftex.def)             Requested size: 469.47049pt x 281.68425pt.


[21 <./pictures/sms_4_97_cm_plot.png>]
<pictures/sms_10_2_cm_difference.png, id=298, 722.7pt x 433.62pt>
File: pictures/sms_10_2_cm_difference.png Graphic file (type png)
<use pictures/sms_10_2_cm_difference.png>
Package pdftex.def Info: pictures/sms_10_2_cm_difference.png  used on input line 87.
(pdftex.def)             Requested size: 469.47049pt x 281.68425pt.

Overfull \hbox (1.37585pt too wide) in paragraph at lines 92--93
[]\T2A/cmr/m/n/14.4 –езультаты из-ме-ре-ний по-ло-же-ний ше-сти ха-рак-тер-ных ми-ни-му-мов спек-
 []



[22 <./pictures/sms_10_2_cm_spectra.png> <./pictures/sms_10_2_cm_difference.png>]
<pictures/sms_10_2_cm_plot.png, id=308, 722.7pt x 433.62pt>
File: pictures/sms_10_2_cm_plot.png Graphic file (type png)
<use pictures/sms_10_2_cm_plot.png>
Package pdftex.def Info: pictures/sms_10_2_cm_plot.png  used on input line 122.
(pdftex.def)             Requested size: 469.47049pt x 281.68425pt.


[23 <./pictures/sms_10_2_cm_plot.png>]
<pictures/sms_20_5_cm_spectra.png, id=318, 722.7pt x 433.62pt>
File: pictures/sms_20_5_cm_spectra.png Graphic file (type png)
<use pictures/sms_20_5_cm_spectra.png>
Package pdftex.def Info: pictures/sms_20_5_cm_spectra.png  used on input line 134.
(pdftex.def)             Requested size: 469.47049pt x 281.68425pt.
<pictures/sms_20_5_cm_difference.png, id=320, 722.7pt x 433.62pt>
File: pictures/sms_20_5_cm_difference.png Graphic file (type png)
<use pictures/sms_20_5_cm_difference.png>
Package pdftex.def Info: pictures/sms_20_5_cm_difference.png  used on input line 143.
(pdftex.def)             Requested size: 469.47049pt x 281.68425pt.


[24 <./pictures/sms_20_5_cm_spectra.png>]

[25 <./pictures/sms_20_5_cm_difference.png>]
<pictures/sms_20_5_cm_plot.png, id=338, 722.7pt x 433.62pt>
File: pictures/sms_20_5_cm_plot.png Graphic file (type png)
<use pictures/sms_20_5_cm_plot.png>
Package pdftex.def Info: pictures/sms_20_5_cm_plot.png  used on input line 188.
(pdftex.def)             Requested size: 469.47049pt x 281.68425pt.

Overfull \hbox (8.39417pt too wide) in paragraph at lines 193--193
|[]\T2A/cmr/bx/n/17.28 јнализ чув-стви-тель-но-сти дат-чи-ков SMS к про-доль-
 []


Overfull \hbox (33.73372pt too wide) in paragraph at lines 194--195
[]\T2A/cmr/m/n/14.4 ƒл€ ко-ли-че-ствен-ной оцен-ки чув-стви-тель-но-сти ис-сле-до-ван-ных SMS-датчиков
 []



[26 <./pictures/sms_20_5_cm_plot.png>]
Overfull \hbox (33.11005pt too wide) in alignment at lines 205--215
 [] [] [] [] [] [] 
 []


Overfull \hbox (33.11005pt too wide) in alignment at lines 215--216
 [] [] [] [] [] [] 
 []


Overfull \hbox (33.11005pt too wide) in alignment at lines 216--237
 [] [] [] [] [] [] 
 []

LaTeX Font Info:    Trying to load font information for T2A+cmtt on input line 239.
(d:/texlive/2025/texmf-dist/tex/latex/cyrillic/t2acmtt.fd
File: t2acmtt.fd 2001/08/11 v1.0a Computer Modern Cyrillic font definitions
)

[27]
Overfull \hbox (6.32378pt too wide) in paragraph at lines 246--247
[]\T2A/cmr/m/n/14.4 ¬изуальное на-блю-де-ние и ана-лиз по-лу-чен-ных фо-то-гра-фий спекл-картин
 []


Overfull \hbox (30.06702pt too wide) in alignment at lines 250--256
 [] [] [] [] [] 
 []


Overfull \hbox (30.06702pt too wide) in alignment at lines 256--258
 [] [] [] [] [] 
 []


Overfull \hbox (30.06702pt too wide) in alignment at lines 258--262
 [] [] [] [] [] 
 []



[28]
<pictures/speckle_one_mode.png, id=365, 1927.2pt x 1084.05pt>
File: pictures/speckle_one_mode.png Graphic file (type png)
<use pictures/speckle_one_mode.png>
Package pdftex.def Info: pictures/speckle_one_mode.png  used on input line 286.
(pdftex.def)             Requested size: 375.57782pt x 211.24829pt.
<pictures/speckle_multi_mode.jpg, id=366, 4047.12pt x 3035.34pt>
File: pictures/speckle_multi_mode.jpg Graphic file (type jpg)
<use pictures/speckle_multi_mode.jpg>
Package pdftex.def Info: pictures/speckle_multi_mode.jpg  used on input line 293.
(pdftex.def)             Requested size: 375.57782pt x 281.64455pt.


[29 <./pictures/speckle_one_mode.png>])

[30 <./pictures/speckle_multi_mode.JPG>]
\openout2 = `ending.aux'.

 (./ending.tex
Overfull \hbox (32.20493pt too wide) in paragraph at lines 3--4
[]\T2A/cmr/m/n/14.4 ¬ дан-ной ра-бо-те бы-ли экс-пе-ри-мен-таль-но ис-сле-до-ва-ны волоконно-оптические
 []

)

[31

]

[32]
\openout2 = `ref.aux'.

 (./ref.tex

[33



])

[34] (./main.aux (./ending.aux) (./ref.aux))
 ***********
LaTeX2e <2025-06-01> patch level 1
L3 programming layer <2025-07-19>
 ***********
Package rerunfilecheck Info: File `main.out' has not changed.
(rerunfilecheck)             Checksum: 02525794A463E258E7271C9DE15CB50B;6887.
 ) 
Here is how much of TeX's memory you used:
 23647 strings out of 467816
 439418 string characters out of 5436431
 842806 words of memory out of 5000000
 51781 multiletter control sequences out of 15000+600000
 636997 words of font info for 66 fonts, out of 8000000 for 9000
 1141 hyphenation exceptions out of 8191
 80i,11n,82p,1841b,1155s stack positions out of 10000i,1000n,20000p,200000b,200000s
<d:/texlive/2025/texmf-dist/fonts/type1/public/amsfonts/cm/cmex10.pfb><d:/texlive/2025/texmf-dist/fonts/type1/public/amsfonts/cm/cmmi10.pfb><d:/texlive/2025/texmf-dist/fonts/type1/public/amsfonts/cm/cmmi12.pfb><d:/texlive/2025/texmf-dist/fonts/type1/public/amsfonts/cm/cmr10.pfb><d:/texlive/2025/texmf-dist/fonts/type1/public/amsfonts/cm/cmr12.pfb><d:/texlive/2025/texmf-dist/fonts/type1/public/amsfonts/cm/cmsy10.pfb><d:/texlive/2025/texmf-dist/fonts/type1/public/cm-super/sfbx1440.pfb><d:/texlive/2025/texmf-dist/fonts/type1/public/cm-super/sfbx1728.pfb><d:/texlive/2025/texmf-dist/fonts/type1/public/cm-super/sfbx2074.pfb><d:/texlive/2025/texmf-dist/fonts/type1/public/cm-super/sfrm1440.pfb><d:/texlive/2025/texmf-dist/fonts/type1/public/cm-super/sftt1440.pfb>
Output written on main.pdf (34 pages, 35697656 bytes).
PDF statistics:
 461 PDF objects out of 1000 (max. 8388607)
 358 compressed objects within 4 object streams
 100 named destinations out of 1000 (max. 500000)
 313 words of extra memory for PDF output out of 10000 (max. 10000000)

